
> zenixa-landing@1.0.0 build
> next build

node.exe :  ΓÜá Mismatching @next/swc version, detected: 15.5.7 while 
Next.js is on 15.5.11. Please ensure these match
At line:1 char:1
+ & "C:\Program Files\nodejs/node.exe" "C:\Program Files\nodejs/node_mo ...
+ ~~~~~~~~~~~~~~~~~~~~~~~~~~~~~~~~~~~~~~~~~~~~~~~~~~~~~~~~~~~~~~~~~~~~~
    + CategoryInfo          : NotSpecified: ( ΓÜá Mismatchin...ure these ma 
   tch:String) [], RemoteException
    + FullyQualifiedErrorId : NativeCommandError
 
 ΓÜá Warning: Next.js inferred your workspace root, but it may not be 
correct.
 We detected multiple lockfiles and selected the directory of 
A:\Zenixa\web\package-lock.json as the root directory.
 To silence this warning, set `outputFileTracingRoot` in your Next.js 
config, or consider removing one of the lockfiles if it's not needed.
   See https://nextjs.org/docs/app/api-reference/config/next-config-js/outpu
t#caveats for more information.
 Detected additional lockfiles: 
   * A:\Zenixa\web\zenixalanding\package-lock.json

   Γû▓ Next.js 15.5.11

   Creating an optimized production build ...
 ΓÜá Mismatching @next/swc version, detected: 15.5.7 while Next.js is on 
15.5.11. Please ensure these match
 ΓÜá Mismatching @next/swc version, detected: 15.5.7 while Next.js is on 
15.5.11. Please ensure these match
 ΓÜá Mismatching @next/swc version, detected: 15.5.7 while Next.js is on 
15.5.11. Please ensure these match
 Γ£ô Compiled successfully in 3.2s
   Linting and checking validity of types ...

Failed to compile.

./src/app/privacy/page.tsx
16:60  Error: `"` can be escaped with `&quot;`, `&ldquo;`, `&#34;`, 
`&rdquo;`.  react/no-unescaped-entities
16:63  Error: `"` can be escaped with `&quot;`, `&ldquo;`, `&#34;`, 
`&rdquo;`.  react/no-unescaped-entities
16:66  Error: `"` can be escaped with `&quot;`, `&ldquo;`, `&#34;`, 
`&rdquo;`.  react/no-unescaped-entities
16:69  Error: `"` can be escaped with `&quot;`, `&ldquo;`, `&#34;`, 
`&rdquo;`.  react/no-unescaped-entities
16:75  Error: `"` can be escaped with `&quot;`, `&ldquo;`, `&#34;`, 
`&rdquo;`.  react/no-unescaped-entities
16:79  Error: `"` can be escaped with `&quot;`, `&ldquo;`, `&#34;`, 
`&rdquo;`.  react/no-unescaped-entities
17:65  Error: `"` can be escaped with `&quot;`, `&ldquo;`, `&#34;`, 
`&rdquo;`.  react/no-unescaped-entities
17:73  Error: `"` can be escaped with `&quot;`, `&ldquo;`, `&#34;`, 
`&rdquo;`.  react/no-unescaped-entities

./src/app/terms/page.tsx
16:61  Error: `"` can be escaped with `&quot;`, `&ldquo;`, `&#34;`, 
`&rdquo;`.  react/no-unescaped-entities
16:67  Error: `"` can be escaped with `&quot;`, `&ldquo;`, `&#34;`, 
`&rdquo;`.  react/no-unescaped-entities
16:70  Error: `"` can be escaped with `&quot;`, `&ldquo;`, `&#34;`, 
`&rdquo;`.  react/no-unescaped-entities
16:87  Error: `"` can be escaped with `&quot;`, `&ldquo;`, `&#34;`, 
`&rdquo;`.  react/no-unescaped-entities
17:81  Error: `"` can be escaped with `&quot;`, `&ldquo;`, `&#34;`, 
`&rdquo;`.  react/no-unescaped-entities
17:84  Error: `"` can be escaped with `&quot;`, `&ldquo;`, `&#34;`, 
`&rdquo;`.  react/no-unescaped-entities
17:87  Error: `"` can be escaped with `&quot;`, `&ldquo;`, `&#34;`, 
`&rdquo;`.  react/no-unescaped-entities
17:90  Error: `"` can be escaped with `&quot;`, `&ldquo;`, `&#34;`, 
`&rdquo;`.  react/no-unescaped-entities
17:96  Error: `"` can be escaped with `&quot;`, `&ldquo;`, `&#34;`, 
`&rdquo;`.  react/no-unescaped-entities
17:100  Error: `"` can be escaped with `&quot;`, `&ldquo;`, `&#34;`, 
`&rdquo;`.  react/no-unescaped-entities
31:48  Error: `'` can be escaped with `&apos;`, `&lsquo;`, `&#39;`, 
`&rsquo;`.  react/no-unescaped-entities
31:78  Error: `'` can be escaped with `&apos;`, `&lsquo;`, `&#39;`, 
`&rsquo;`.  react/no-unescaped-entities
31:84  Error: `'` can be escaped with `&apos;`, `&lsquo;`, `&#39;`, 
`&rsquo;`.  react/no-unescaped-entities

./src/hooks/use-toast.ts
16:7  Warning: 'actionTypes' is assigned a value but only used as a type.  
@typescript-eslint/no-unused-vars

info  - Need to disable some ESLint rules? Learn more here: 
https://nextjs.org/docs/app/api-reference/config/eslint#disabling-rules
